[linhhung.iwedding.info/index.html]
[backblue.gif]
[fade.gif]
[index.html]
[iwedding.info/favicon.ico]
[linhhung.iwedding.info/templates/template135/css/libs.css]
[linhhung.iwedding.info/templates/template135/css/style.css]
[linhhung.iwedding.info/common/calendar3d0d.css]
[linhhung.iwedding.info/common/toastr/toastr.min3d0d.css]
[cdn.biihappy.com/ziiweb/default/template/643d7aa30be61636f4051958/51a1f26cc14094cc710bf28fa6ed6df0.jpg]
[linhhung.iwedding.info/templates/template135/img/main_title.png]
[linhhung.iwedding.info/rsvp.html]
[cdn.biihappy.com/ziiweb/images/static/common/rsvp4.png]
[cdn.biihappy.com/ziiweb/default/website/galleries/61990322c41d7b37de534633/small.jpg]
[cdn.biihappy.com/ziiweb/default/website/galleries/619902a5f7c65c763d2ef0e2/small.jpg]
[cdn.biihappy.com/ziiweb/default/website/galleries/619902a0d5c0e352ac024b43/small.jpg]
[cdn.biihappy.com/ziiweb/default/website/galleries/6199029c1ca1d308fe5da284/small.jpg]
[cdn.biihappy.com/ziiweb/default/website/galleries/61990296d7e97a1853119579/small.jpg]
[cdn.biihappy.com/ziiweb/default/website/galleries/61990291c41d7b37de534632/small.jpg]
[cdn.biihappy.com/ziiweb/default/website/383875f7dbad0c73b240243aeecb74dd.jpg]
[cdn.biihappy.com/ziiweb/default/website/604b9769d7be40d0d5bad7c5265dc849.jpg]
[cdn.biihappy.com/ziiweb/default/website/eb13d6af3ecce1c4c852a6b09913bdca.jpg]
[cdn.biihappy.com/ziiweb/default/website/15be4c2cfb762806d02a699688cbe2c2.jpg]
[cdn.biihappy.com/ziiweb/default/template/643d7aa30be61636f4051958/09757b657c51eee60f1234b0ed444ec1.jpg]
[cdn.biihappy.com/ziiweb/default/website/7744fc9739685fe61c53cd8fe2cf7e52.png]
[cdn.biihappy.com/ziiweb/default/website/0ea5ba9f2cbe132b3fe488103eb61817.png]
[cdn.biihappy.com/ziiweb/default/website/eee1cb36b560f0d80f513c4e9be666db.png]
[cdn.biihappy.com/ziiweb/default/website/21b07b7d583692f49091b87facbf2c92.png]
[cdn.biihappy.com/ziiweb/default/website/3b48bc6125ce6d186297a3e90a11085e.jpg]
[cdn.biihappy.com/ziiweb/default/website/59b631f29bfb9f7cd20437d27ddbe4db.jpg]
[cdn.biihappy.com/ziiweb/default/website/975cfb98a98bdadceb256b9160ac706e.jpg]
[cdn.biihappy.com/ziiweb/default/website/7defa09899824655bcb38f3b38ee24d0.jpg]
[cdn.biihappy.com/ziiweb/default/website/4fa239218590ce0e7b44013a504e3d99.jpg]
[cdn.biihappy.com/ziiweb/default/website/784127e11f58a92b0f59d632c3190519.jpg]
[linhhung.iwedding.info/common/calendar3d0d.js]
[linhhung.iwedding.info/common/biicommon.min3d0d.js]
[linhhung.iwedding.info/templates/template135/js/libs.js]
[linhhung.iwedding.info/templates/template135/js/script.js]
[linhhung.iwedding.info/common/emoji-picker/js/insertTextAtCursor3d0d.js]
[linhhung.iwedding.info/common/emoji-picker/js/init3d0d.js]
[linhhung.iwedding.info/index.html]
[linhhung.iwedding.info/common/toastr/toastr.min3d0d.js]
[fonts.googleapis.com/css2aa9d.css]
[fonts.googleapis.com/css28312.css]
[fonts.googleapis.com/css2e601.css]
[fonts.googleapis.com/css211a1.css]
[cdn.biihappy.com/ziiweb/default/website/galleries/61990322c41d7b37de534633/large.jpg]
[linhhung.iwedding.info/album/heart.gif]
[cdn.jsdelivr.net/npm/bootstrap@5.2.0/dist/css/bootstrap.min.css]
[linhhung.iwedding.info/rsvp.html]
[fonts.googleapis.com/css20793.css]
[linhhung.iwedding.info/rsvp-template/script7625.js]
[cdn.biihappy.com/ziiweb/default/template/643d7aa30be61636f4051958/51a1f26cc14094cc710bf28fa6ed6df0.jpg]
[cdn.biihappy.com/ziiweb/default/website/galleries/61990322c41d7b37de534633/small.jpg]
[cdn.biihappy.com/ziiweb/default/website/galleries/619902a5f7c65c763d2ef0e2/small.jpg]
[linhhung.iwedding.info/templates/template135/fonts/bootstrap-iconsbf04.woff2]
[cdn.biihappy.com/ziiweb/default/website/galleries/619902a0d5c0e352ac024b43/small.jpg]
[cdn.biihappy.com/ziiweb/default/website/7744fc9739685fe61c53cd8fe2cf7e52.png]
[cdn.biihappy.com/ziiweb/default/website/0ea5ba9f2cbe132b3fe488103eb61817.png]
[cdn.biihappy.com/ziiweb/default/website/eee1cb36b560f0d80f513c4e9be666db.png]
[linhhung.iwedding.info/common/calendar3d0d.js]
[linhhung.iwedding.info/templates/template135/fonts/bootstrap-iconsbf04.woff]
[linhhung.iwedding.info/common/biicommon.min3d0d.js]
[linhhung.iwedding.info/templates/template135/fonts/lgd641.eot]
[linhhung.iwedding.info/templates/template135/js/script.js]
[cdn.biihappy.com/ziiweb/default/website/21b07b7d583692f49091b87facbf2c92.png]
[linhhung.iwedding.info/templates/template135/js/libs.js]
[linhhung.iwedding.info/templates/template135/fonts/lgd41d.eot]
[linhhung.iwedding.info/common/emoji-picker/js/init3d0d.js]
[linhhung.iwedding.info/common/emoji-picker/js/insertTextAtCursor3d0d.js]
[linhhung.iwedding.info/common/toastr/toastr.min3d0d.js]
[linhhung.iwedding.info/templates/template135/fonts/lgd641.woff]
[linhhung.iwedding.info/rsvp-template/script7625.js]
[linhhung.iwedding.info/templates/template135/fonts/bootstrap-iconsbf04.woff2]
[cdn.biihappy.com/ziiweb/default/website/galleries/61990322c41d7b37de534633/large.jpg]
[linhhung.iwedding.info/templates/template135/fonts/lgd641.ttf]
[linhhung.iwedding.info/templates/template135/fonts/bootstrap-iconsbf04.woff]
[linhhung.iwedding.info/templates/template135/fonts/lgd641.woff]
[linhhung.iwedding.info/templates/template135/fonts/lgd641.eot]
[linhhung.iwedding.info/templates/template135/fonts/lgd41d.eot]
[linhhung.iwedding.info/templates/template135/fonts/lgd641.svg]
[linhhung.iwedding.info/templates/template135/img/vimeo-play.png]
[linhhung.iwedding.info/templates/template135/img/video-play.png]
[linhhung.iwedding.info/templates/template135/img/youtube-play.png]
[linhhung.iwedding.info/templates/template135/img/loading.gif]
[linhhung.iwedding.info/templates/template135/css/libs.css]
[cdn.biihappy.com/ziiweb/images/static/common/searchicon.png]
[linhhung.iwedding.info/templates/template135/css/style.css]
[linhhung.iwedding.info/common/calendar3d0d.css]
[linhhung.iwedding.info/common/toastr/toastr.min3d0d.css]
[fonts.googleapis.com/css20793.css]
[cdn.jsdelivr.net/npm/bootstrap@5.2.0/dist/css/bootstrap.min.css]
[linhhung.iwedding.info/templates/template135/fonts/lgd641.svg]
